%!Adobe-FontList 1.20
%Locale:0x412

%BeginFont
Handler:DirectoryHandler
FontType:Invalid
OutlineFileName:C:\Users\Administrator\Desktop\Font\abster-demo.html
FileModTime:1605873616
%EndFont

%BeginFont
Handler:DirectoryHandler
FontType:Invalid
OutlineFileName:C:\Users\Administrator\Desktop\Font\abster-webfont.woff
FileModTime:1605873616
%EndFont

%BeginFont
Handler:DirectoryHandler
FontType:Invalid
OutlineFileName:C:\Users\Administrator\Desktop\Font\abster-webfont.woff2
FileModTime:1605873616
%EndFont

%BeginFont
Handler:DirectoryHandler
FontType:Invalid
OutlineFileName:C:\Users\Administrator\Desktop\Font\generator_config.txt
FileModTime:1605873616
%EndFont

%BeginFont
Handler:DirectoryHandler
FontType:Invalid
OutlineFileName:C:\Users\Administrator\Desktop\Font\stylesheet.css
FileModTime:1605873616
%EndFont

%BeginFont
Handler:DirectoryHandler
FontType:Invalid
OutlineFileName:C:\Users\Administrator\Desktop\Font\specimen_files\grid_12-825-55-15.css
FileModTime:1605873616
%EndFont

%BeginFont
Handler:DirectoryHandler
FontType:Invalid
OutlineFileName:C:\Users\Administrator\Desktop\Font\specimen_files\specimen_stylesheet.css
FileModTime:1605873616
%EndFont

